// Jest Snapshot v1, https://goo.gl/fbAQLP

exports[`should render Dashboard page properly 1`] = `
<div>
  <Connect(PostsListFilters) />
  <Connect(PostsList) />
</div>
`;
