// Jest Snapshot v1, https://goo.gl/fbAQLP

exports[`should render LoginPage properly 1`] = `
<div
  className="box-layout"
>
  <div
    className="box-layout__box"
  >
    <h1
      className="box-layout__title"
    >
      My Blog
    </h1>
    <p>
      Good place for your thoughts
    </p>
    <button
      className="button"
      onClick={[MockFunction]}
    >
      Login with Google
    </button>
  </div>
</div>
`;
