// Jest Snapshot v1, https://goo.gl/fbAQLP

exports[`should render RemoveApprovalModal properly 1`] = `
<Modal
  appElement={null}
  ariaHideApp={true}
  bodyOpenClassName="ReactModal__Body--open"
  className="Modal"
  closeTimeoutMS={200}
  contentLabel="Remove 'undefined' ?"
  isOpen={false}
  onRequestClose={[MockFunction]}
  overlayClassName="Overlay"
  parentSelector={[Function]}
  portalClassName="ReactModalPortal"
  role="dialog"
  shouldCloseOnEsc={true}
  shouldCloseOnOverlayClick={true}
  shouldFocusAfterRender={true}
  shouldReturnFocusAfterClose={true}
>
  <h3>
    Remove 
     ?
  </h3>
  <div
    className="buttons"
  >
    <button
      className="button"
      onClick={[Function]}
    >
      Remove
    </button>
    <button
      className="button"
      onClick={[Function]}
    >
      no
    </button>
  </div>
</Modal>
`;
